// Jest Snapshot v1, https://goo.gl/fbAQLP

exports[`Unit test for <GifItem /> Debe hacer match con el snapshot 1`] = `
<div>
  <div
    class="card"
  >
    <img
      alt="One Piece"
      src="https://prueba.sf.ar/"
    />
    <p>
      One Piece
    </p>
  </div>
</div>
`;
